// Jest Snapshot v1, https://goo.gl/fbAQLP

exports[`Render degree planning timeline view renders correctly 1`] = `ShallowWrapper {}`;

exports[`Rendering a course on the timeline can render correctly within a term 1`] = `ReactWrapper {}`;

exports[`Rendering a course on the timeline can render inside a droppable (within a dragdropcontext) 1`] = `ReactWrapper {}`;

exports[`Rendering a course on the timeline draggable cannot render outside of a droppable 1`] = `ShallowWrapper {}`;

exports[`Rendering a course on the timeline renders correctly 1`] = `ShallowWrapper {}`;

exports[`Rendering a course on the timeline renders correctly within a DragDropContext 1`] = `ReactWrapper {}`;
