// Jest Snapshot v1, https://goo.gl/fbAQLP

exports[`Rendering the degree search page renders correctly 1`] = `
<styled.div>
  <styled.img
    alt="logo"
    src="/images/logo.png"
  />
  <styled.h1>
    OnCourse
  </styled.h1>
  <styled.form>
    <styled.div>
      <Styled(Dropdown)>
        <Styled(Bootstrap(DropdownToggle))
          id="dropdown-basic"
          variant="light"
        >
          Start Year: 
          2020
        </Styled(Bootstrap(DropdownToggle))>
        <DropdownMenu
          alignRight={false}
          flip={true}
        >
          <Styled(DropdownItem)
            active={true}
          >
            2020
          </Styled(DropdownItem)>
          <Styled(DropdownItem)
            active={false}
          >
            2021
          </Styled(DropdownItem)>
        </DropdownMenu>
      </Styled(Dropdown)>
      <styled.input
        onChange={[Function]}
        placeholder="Search for your degree..."
      />
    </styled.div>
  </styled.form>
  <styled.p>
    * Disclaimer: OnCourse is not
    <br />
     affiliated with or endorsed by UNSW.
    <br />
     This product is intended to aid degree planning.
    <br />
     However, it should not be the only resourced used
    <br />
     in planning your future at university,
    <br />
     as it may be subject to error.
  </styled.p>
</styled.div>
`;
