// Jest Snapshot v1, https://goo.gl/fbAQLP

exports[`Rendering a degree suggestion renders correctly 1`] = `
<styled.div>
  <SuggestionInfoHover
    content={
      <a
        href="https://www.handbook.unsw.edu.au/undergraduate/programs/2020/3778"
        rel="noopener noreferrer"
        target="_blank"
      >
        More Info
      </a>
    }
    delay={100}
    infoSize={
      Object {
        "fontSize": "25px",
      }
    }
    key="3778"
    placement="right"
  >
    <Styled(Button)
      id="3778"
      onClick={[Function]}
      value="3778"
      variant="light"
    >
      <styled.h1>
        3778
      </styled.h1>
      <styled.p />
    </Styled(Button)>
  </SuggestionInfoHover>
  <SuggestionInfoHover
    content={
      <a
        href="https://www.handbook.unsw.edu.au/undergraduate/programs/2020/7001"
        rel="noopener noreferrer"
        target="_blank"
      >
        More Info
      </a>
    }
    delay={100}
    infoSize={
      Object {
        "fontSize": "25px",
      }
    }
    key="7001"
    placement="right"
  >
    <Styled(Button)
      id="7001"
      onClick={[Function]}
      value="7001"
      variant="light"
    >
      <styled.h1>
        7001
      </styled.h1>
      <styled.p />
    </Styled(Button)>
  </SuggestionInfoHover>
</styled.div>
`;
