// Jest Snapshot v1, https://goo.gl/fbAQLP

exports[`Rendering a degree suggestion renders correctly 1`] = `
<styled.div>
  <SuggestionInfoHover
    content={
      <a
        href="https://www.handbook.unsw.edu.au/undergraduate/programs/2020/3502 ACCTA1"
        rel="noopener noreferrer"
        target="_blank"
      >
        More Info
      </a>
    }
    delay={100}
    infoSize={
      Object {
        "fontSize": "25px",
      }
    }
    key="3502 ACCTA1"
    placement="right"
  >
    <Styled(Button)
      id="3502 ACCTA1"
      onClick={[Function]}
      value="3502 ACCTA1"
      variant="light"
    >
      <styled.h1>
        3502 ACCTA1
      </styled.h1>
      <styled.p>
        Commerce (Accounting)
      </styled.p>
    </Styled(Button)>
  </SuggestionInfoHover>
  <SuggestionInfoHover
    content={
      <a
        href="https://www.handbook.unsw.edu.au/undergraduate/programs/2020/3778 COMPA1"
        rel="noopener noreferrer"
        target="_blank"
      >
        More Info
      </a>
    }
    delay={100}
    infoSize={
      Object {
        "fontSize": "25px",
      }
    }
    key="3778 COMPA1"
    placement="right"
  >
    <Styled(Button)
      id="3778 COMPA1"
      onClick={[Function]}
      value="3778 COMPA1"
      variant="light"
    >
      <styled.h1>
        3778 COMPA1
      </styled.h1>
      <styled.p>
        Computer Science
      </styled.p>
    </Styled(Button)>
  </SuggestionInfoHover>
</styled.div>
`;
