// Jest Snapshot v1, https://goo.gl/fbAQLP

exports[`Rendering a degree suggestion renders correctly 1`] = `
<styled.div>
  <SuggestionInfoHover
    content={
      <a
        href="https://www.handbook.unsw.edu.au/undergraduate/programs/2020/1"
      >
        More Info
      </a>
    }
    delay={200}
    key="1"
    placement="right"
  >
    <styled.button
      id={1}
      onClick={[Function]}
      value={1}
    >
      <styled.h1>
        1
      </styled.h1>
      <styled.p />
    </styled.button>
  </SuggestionInfoHover>
  <SuggestionInfoHover
    content={
      <a
        href="https://www.handbook.unsw.edu.au/undergraduate/programs/2020/2"
      >
        More Info
      </a>
    }
    delay={200}
    key="2"
    placement="right"
  >
    <styled.button
      id={2}
      onClick={[Function]}
      value={2}
    >
      <styled.h1>
        2
      </styled.h1>
      <styled.p />
    </styled.button>
  </SuggestionInfoHover>
</styled.div>
`;
