// Jest Snapshot v1, https://goo.gl/fbAQLP

exports[`Render degree planning timeline view renders correctly 1`] = `ShallowWrapper {}`;

exports[`Render degree planning timeline view renderss correctly 1`] = `ShallowWrapper {}`;

exports[`Render degree planning timeline view saves a plan when save button is pressed 1`] = `ReactWrapper {}`;
