// Jest Snapshot v1, https://goo.gl/fbAQLP

exports[`Render degree planning timeline view renders correctly 1`] = `
<div>
  <Navbar
    bg="dark"
    collapseOnSelect={false}
    expand={true}
    id="navbar"
    variant="dark"
  >
    <NavbarBrand
      href="/"
    >
      <styled.img
        alt="logo"
        src="/images/logo.png"
      />
       OnCourse
    </NavbarBrand>
    <Nav
      className="mr-auto"
      fill={false}
      justify={false}
    />
    <Styled(Button)
      id="save"
      onClick={[Function]}
      variant="outline-info"
    >
      <i
        className="fa fa-save"
      />
    </Styled(Button)>
  </Navbar>
  <styled.div>
    <DragDropContext
      onDragEnd={[Function]}
      onDragStart={[Function]}
    >
      <div>
        <styled.div>
          <div
            id="timeline"
          >
            <div
              key="2020"
            >
              <styled.div
                key="2020"
              >
                <Term
                  courses={
                    Array [
                      Object {
                        "code": "COMP1511",
                        "coreqs": "",
                        "equivalents": "DPST1091
COMP1917",
                        "exclusions": "DPST1091",
                        "name": "Programming Fundamentals",
                        "prereqs": "",
                        "terms": Array [
                          Object {
                            "term": 1,
                            "year": 2020,
                          },
                          Object {
                            "term": 2,
                            "year": 2020,
                          },
                          Object {
                            "term": 3,
                            "year": 2020,
                          },
                          Object {
                            "term": 1,
                            "year": 2021,
                          },
                          Object {
                            "term": 2,
                            "year": 2021,
                          },
                          Object {
                            "term": 3,
                            "year": 2021,
                          },
                          Object {
                            "term": 1,
                            "year": 2022,
                          },
                          Object {
                            "term": 2,
                            "year": 2022,
                          },
                          Object {
                            "term": 3,
                            "year": 2022,
                          },
                          Object {
                            "term": 1,
                            "year": 2023,
                          },
                          Object {
                            "term": 2,
                            "year": 2023,
                          },
                          Object {
                            "term": 3,
                            "year": 2023,
                          },
                          Object {
                            "term": 1,
                            "year": 2024,
                          },
                          Object {
                            "term": 2,
                            "year": 2024,
                          },
                          Object {
                            "term": 3,
                            "year": 2024,
                          },
                          Object {
                            "term": 1,
                            "year": 2025,
                          },
                          Object {
                            "term": 2,
                            "year": 2025,
                          },
                          Object {
                            "term": 3,
                            "year": 2025,
                          },
                        ],
                        "units": 6,
                      },
                    ]
                  }
                  getError={[Function]}
                  getWarn={[Function]}
                  key="1 2020"
                  name="1 2020"
                  removeCourse={[Function]}
                  termWarning={false}
                />
                <Term
                  courses={
                    Array [
                      Object {
                        "code": "COMP1521",
                        "coreqs": "",
                        "equivalents": "DPST1092",
                        "exclusions": "DPST1092",
                        "name": "Computer Systems Fundamentals",
                        "prereqs": "(COMP1511 OR DPST1091 OR COMP1911 OR COMP1917)",
                        "terms": Array [
                          Object {
                            "term": 2,
                            "year": 2020,
                          },
                          Object {
                            "term": 3,
                            "year": 2020,
                          },
                          Object {
                            "term": 2,
                            "year": 2021,
                          },
                          Object {
                            "term": 3,
                            "year": 2021,
                          },
                          Object {
                            "term": 2,
                            "year": 2022,
                          },
                          Object {
                            "term": 3,
                            "year": 2022,
                          },
                          Object {
                            "term": 2,
                            "year": 2023,
                          },
                          Object {
                            "term": 3,
                            "year": 2023,
                          },
                          Object {
                            "term": 2,
                            "year": 2024,
                          },
                          Object {
                            "term": 3,
                            "year": 2024,
                          },
                          Object {
                            "term": 2,
                            "year": 2025,
                          },
                          Object {
                            "term": 3,
                            "year": 2025,
                          },
                        ],
                        "units": 6,
                      },
                      Object {
                        "code": "COMP2521",
                        "coreqs": "",
                        "equivalents": "",
                        "exclusions": "COMP1927",
                        "name": "Data Structures and Algorithms",
                        "prereqs": "(COMP1511 OR DPST1091 OR COMP1917 OR COMP1921)",
                        "terms": Array [
                          Object {
                            "term": 1,
                            "year": 2020,
                          },
                          Object {
                            "term": 2,
                            "year": 2020,
                          },
                          Object {
                            "term": 3,
                            "year": 2020,
                          },
                          Object {
                            "term": 1,
                            "year": 2021,
                          },
                          Object {
                            "term": 2,
                            "year": 2021,
                          },
                          Object {
                            "term": 3,
                            "year": 2021,
                          },
                          Object {
                            "term": 1,
                            "year": 2022,
                          },
                          Object {
                            "term": 2,
                            "year": 2022,
                          },
                          Object {
                            "term": 3,
                            "year": 2022,
                          },
                          Object {
                            "term": 1,
                            "year": 2023,
                          },
                          Object {
                            "term": 2,
                            "year": 2023,
                          },
                          Object {
                            "term": 3,
                            "year": 2023,
                          },
                          Object {
                            "term": 1,
                            "year": 2024,
                          },
                          Object {
                            "term": 2,
                            "year": 2024,
                          },
                          Object {
                            "term": 3,
                            "year": 2024,
                          },
                          Object {
                            "term": 1,
                            "year": 2025,
                          },
                          Object {
                            "term": 2,
                            "year": 2025,
                          },
                          Object {
                            "term": 3,
                            "year": 2025,
                          },
                        ],
                        "units": 6,
                      },
                      Object {
                        "code": "MATH1231",
                        "coreqs": "",
                        "equivalents": "DPST1014",
                        "exclusions": "DPST1014
MATH1251
MATH1021
MATH1241",
                        "name": "Mathematics 1B",
                        "prereqs": "(MATH1131 OR DPST1013 OR MATH1141)",
                        "terms": Array [
                          Object {
                            "term": 1,
                            "year": 2020,
                          },
                          Object {
                            "term": 2,
                            "year": 2020,
                          },
                          Object {
                            "term": 3,
                            "year": 2020,
                          },
                          Object {
                            "term": 1,
                            "year": 2021,
                          },
                          Object {
                            "term": 2,
                            "year": 2021,
                          },
                          Object {
                            "term": 3,
                            "year": 2021,
                          },
                          Object {
                            "term": 1,
                            "year": 2022,
                          },
                          Object {
                            "term": 2,
                            "year": 2022,
                          },
                          Object {
                            "term": 3,
                            "year": 2022,
                          },
                          Object {
                            "term": 1,
                            "year": 2023,
                          },
                          Object {
                            "term": 2,
                            "year": 2023,
                          },
                          Object {
                            "term": 3,
                            "year": 2023,
                          },
                          Object {
                            "term": 1,
                            "year": 2024,
                          },
                          Object {
                            "term": 2,
                            "year": 2024,
                          },
                          Object {
                            "term": 3,
                            "year": 2024,
                          },
                          Object {
                            "term": 1,
                            "year": 2025,
                          },
                          Object {
                            "term": 2,
                            "year": 2025,
                          },
                          Object {
                            "term": 3,
                            "year": 2025,
                          },
                        ],
                        "units": 6,
                      },
                    ]
                  }
                  getError={[Function]}
                  getWarn={[Function]}
                  key="2 2020"
                  name="2 2020"
                  removeCourse={[Function]}
                  termWarning={false}
                />
                <Term
                  courses={Array []}
                  getError={[Function]}
                  getWarn={[Function]}
                  highlight={false}
                  key="3 2020"
                  name="3 2020"
                  removeCourse={[Function]}
                  termWarning={false}
                />
              </styled.div>
            </div>
            <div
              key="2021"
            >
              <styled.div
                key="2021"
              >
                <Term
                  courses={Array []}
                  getError={[Function]}
                  getWarn={[Function]}
                  key="1 2021"
                  name="1 2021"
                  removeCourse={[Function]}
                  termWarning={false}
                />
                <Term
                  courses={
                    Array [
                      Object {
                        "code": "COMP3121",
                        "coreqs": "",
                        "equivalents": "COMP9801
COMP3821",
                        "exclusions": "",
                        "name": "Algorithms and Programming Techniques",
                        "prereqs": "(COMP2521 OR COMP1927)",
                        "terms": Array [
                          Object {
                            "term": 2,
                            "year": 2020,
                          },
                          Object {
                            "term": 2,
                            "year": 2021,
                          },
                          Object {
                            "term": 2,
                            "year": 2022,
                          },
                          Object {
                            "term": 2,
                            "year": 2023,
                          },
                          Object {
                            "term": 2,
                            "year": 2024,
                          },
                          Object {
                            "term": 2,
                            "year": 2025,
                          },
                        ],
                        "units": 6,
                      },
                      Object {
                        "code": "COMP2511",
                        "coreqs": "",
                        "equivalents": "",
                        "exclusions": "COMP2911
COMP2011",
                        "name": "Object-Oriented Design & Programming",
                        "prereqs": "COMP1531
(COMP2521 OR COMP1927)",
                        "terms": Array [
                          Object {
                            "term": 2,
                            "year": 2020,
                          },
                          Object {
                            "term": 3,
                            "year": 2020,
                          },
                          Object {
                            "term": 2,
                            "year": 2021,
                          },
                          Object {
                            "term": 3,
                            "year": 2021,
                          },
                          Object {
                            "term": 2,
                            "year": 2022,
                          },
                          Object {
                            "term": 3,
                            "year": 2022,
                          },
                          Object {
                            "term": 2,
                            "year": 2023,
                          },
                          Object {
                            "term": 3,
                            "year": 2023,
                          },
                          Object {
                            "term": 2,
                            "year": 2024,
                          },
                          Object {
                            "term": 3,
                            "year": 2024,
                          },
                          Object {
                            "term": 2,
                            "year": 2025,
                          },
                          Object {
                            "term": 3,
                            "year": 2025,
                          },
                        ],
                        "units": 6,
                      },
                    ]
                  }
                  getError={[Function]}
                  getWarn={[Function]}
                  key="2 2021"
                  name="2 2021"
                  removeCourse={[Function]}
                  termWarning={false}
                />
                <Term
                  courses={Array []}
                  getError={[Function]}
                  getWarn={[Function]}
                  key="3 2021"
                  name="3 2021"
                  removeCourse={[Function]}
                  termWarning={false}
                />
              </styled.div>
            </div>
            <div
              key="2022"
            >
              <styled.div
                key="2022"
              >
                <Term
                  courses={Array []}
                  getError={[Function]}
                  getWarn={[Function]}
                  highlight={false}
                  key="1 2022"
                  name="1 2022"
                  removeCourse={[Function]}
                  termWarning={false}
                />
                <Term
                  courses={Array []}
                  getError={[Function]}
                  getWarn={[Function]}
                  highlight={false}
                  key="2 2022"
                  name="2 2022"
                  removeCourse={[Function]}
                  termWarning={false}
                />
                <Term
                  courses={Array []}
                  getError={[Function]}
                  getWarn={[Function]}
                  highlight={false}
                  key="3 2022"
                  name="3 2022"
                  removeCourse={[Function]}
                  termWarning={false}
                />
              </styled.div>
            </div>
          </div>
          <Styled(Button)
            onClick={[Function]}
            variant="info"
          >
            +
          </Styled(Button)>
          <Styled(Button)
            onClick={[Function]}
            variant="info"
          >
            -
          </Styled(Button)>
        </styled.div>
        <styled.div>
          <InfoBar
            add_event={[Function]}
            already_enrolled={[Function]}
            degree_id="3778 COMPA1"
            degree_name="Computer Science"
            degree_notes={Array []}
            degree_reqs={
              Array [
                Object {
                  "filter_type": "",
                  "info": "",
                  "units": 84,
                },
                Object {
                  "filter_type": "Required courses",
                  "info": "COMP3900",
                  "units": 6,
                },
                Object {
                  "filter_type": "Courses with options",
                  "info": "[ Field 'COMP' ] AND [ (level 3) OR (level 4) OR (level 6) OR (level 9) ]",
                  "units": 30,
                },
                Object {
                  "filter_type": "General education",
                  "info": "Any general education course",
                  "units": 12,
                },
                Object {
                  "filter_type": "Free electives",
                  "info": "Any free elective",
                  "units": 36,
                },
              ]
            }
            done_courses={Array []}
            full_reqs={
              Array [
                Object {
                  "filter_type": "",
                  "info": "",
                  "units": 144,
                },
                Object {
                  "filter_type": "Required courses",
                  "info": "COMP1511",
                  "units": 6,
                },
                Object {
                  "filter_type": "Required courses",
                  "info": "COMP1521",
                  "units": 6,
                },
                Object {
                  "filter_type": "Required courses",
                  "info": "COMP1531",
                  "units": 6,
                },
                Object {
                  "filter_type": "Required courses",
                  "info": "COMP2511",
                  "units": 6,
                },
                Object {
                  "filter_type": "Required courses",
                  "info": "COMP2521",
                  "units": 6,
                },
                Object {
                  "filter_type": "Required courses",
                  "info": "COMP3900",
                  "units": 6,
                },
                Object {
                  "filter_type": "Required courses",
                  "info": "COMP4920",
                  "units": 6,
                },
                Object {
                  "filter_type": "Required courses",
                  "info": "MATH1081",
                  "units": 6,
                },
                Object {
                  "filter_type": "Courses with options",
                  "info": "(MATH1131) OR (MATH1141)",
                  "units": 6,
                },
                Object {
                  "filter_type": "Courses with options",
                  "info": "(MATH1231) OR (MATH1241)",
                  "units": 6,
                },
                Object {
                  "filter_type": "Courses with options",
                  "info": "(COMP3121) OR (COMP3821)",
                  "units": 6,
                },
                Object {
                  "filter_type": "Courses with options",
                  "info": "[ Field 'COMP' ] AND [ (level 3) OR (level 4) OR (level 6) OR (level 9) ]",
                  "units": 30,
                },
                Object {
                  "filter_type": "General education",
                  "info": "Any general education course",
                  "units": 12,
                },
                Object {
                  "filter_type": "Free electives",
                  "info": "Any free elective",
                  "units": 36,
                },
              ]
            }
            remove_course={[Function]}
            standby_courses={Array []}
            year={2020}
          />
        </styled.div>
      </div>
    </DragDropContext>
  </styled.div>
</div>
`;
